src/components/ui/button.tsx(46,65): error TS2322: Type 'ReactNode | MotionValueNumber | MotionValueString' is not assignable to type 'ReactNode'.
  Type 'MotionValueNumber' is not assignable to type 'ReactNode'.
