seed-demo-user.ts(17,7): error TS2322: Type '"MEMBER"' is not assignable to type 'EnumRoleFieldUpdateOperationsInput | Role | undefined'.
seed-demo-user.ts(23,7): error TS2322: Type '"MEMBER"' is not assignable to type 'Role | undefined'.
src/app/api/auth/signup/route.ts(31,9): error TS2322: Type '"MEMBER"' is not assignable to type 'Role | undefined'.
src/app/api/subscribe/portal/route.ts(38,39): error TS2339: Property 'stripeId' does not exist on type '{ id: string; planType: string; status: SubscriptionStatus; stripeCustomerId: string | null; renewalDate: Date | null; userId: string; }'.
